terra 1.9.50
Linking to GEOS 3.14.1, GDAL 3.12.2, PROJ 9.7.1; sf_use_s2() is TRUE

Attaching package: ‘dplyr’

The following objects are masked from ‘package:terra’:

    intersect, union

The following objects are masked from ‘package:stats’:

    filter, lag

The following objects are masked from ‘package:base’:

    intersect, setdiff, setequal, union

Spherical geometry (s2) switched off
[   0.1 s] 
=== Transport layers (route/cost decoupled) for: China ===
[   0.2 s] Sinks: 2 onshore saline, 5 onshore EOR, 4 offshore.
|---------|---------|---------|---------|=========================================                                          |---------|---------|---------|---------|=========================================                                          [  22.8 s] No dem_path: using geodata::elevation_global() for elevation and land/sea mask.
[  23.4 s] Evaluating terrain functions at native slope resolution and averaging to routing grid...
|---------|---------|---------|---------|=========================================                                          |---------|---------|---------|---------|=========================================                                          |---------|---------|---------|---------|=========================================                                          [ 205.5 s] Loading cached protected-area tiers: ../GIS/processed/china_wdpa_tiers.gpkg
[ 207.5 s] Assembling F_cost and F_route...
[ 230.1 s]   Routing class 'onsal' to 2 target cells...
[ 271.3 s]     route tree vs costDist: median rel. diff 8.4e-04, 99th pct 4.0e-03
[ 277.8 s]   Routing class 'oneor' to 5 target cells...
[ 319.1 s]     route tree vs costDist: median rel. diff 1.3e-03, 99th pct 5.1e-03
[ 325.3 s] Offshore sinks: locating coastal cells and computing sea distances...
[ 340.2 s]   set 'sal': 48843 coastal cells, 36831 with sea access to an offshore sink
[ 340.2 s]   Routing class 'offship' to 36831 target cells...
[ 361.2 s]     route integral + offset vs Dijkstra: max rel. diff 1.6e-14
[ 367.3 s]   Routing class 'offpipe' to 36831 target cells...
[ 386.5 s]     route integral + offset vs Dijkstra: max rel. diff 1.7e-14
[ 392.8 s]   set 'any': 48843 coastal cells, 36831 with sea access to an offshore sink
[ 392.8 s]   Routing class 'offship_any' to 36831 target cells...
[ 412.8 s]     route integral + offset vs Dijkstra: max rel. diff 1.2e-14
[ 418.9 s]   Routing class 'offpipe_any' to 36831 target cells...
[ 437.7 s]     route integral + offset vs Dijkstra: max rel. diff 1.2e-14
[ 444.3 s] Saved: ../GIS/processed/china_transport_layers.tif
[ 444.5 s] Diagnostics over biomass cells (median / p95 / max):
                       median     p95     max
onsal_len_km          1749.82 3850.02 4487.32
onsal_costlen_km      1876.16 4168.02 5070.83
onsal_terrain_mult       1.08    1.23    1.87
onsal_detour             1.16    1.47    3.49
onsal_hrel_max_m       872.47 2500.06 3215.14
offship_len_km        1141.00 4035.89 4699.49
offship_sea_km         395.20 1412.97 1904.37
offpipe_len_km        1657.51 4470.51 5181.37
offpipe_sea_km         200.37  660.29 1354.77
onsal_routing_premium    1.02    1.08    1.72
TOTAL 7.4 min
